<html>
<body>
<pre>
<h1>µVision Build Log</h1>
<h2>Tool Versions:</h2>
IDE-Version: ¦ÌVision V5.24.2.0
Copyright (C) 2017 ARM Ltd and ARM Germany GmbH. All rights reserved.
License Information: sss Administrator, sss, LIC=MPPLD-87BTC-GKUBG-VCJKA-LW2ZR-502XB
 
Tool Versions:
Toolchain:       MDK-ARM Plus  Version: 5.24.1
Toolchain Path:  D:\Keil_v5\ARM\ARMCC\Bin
C Compiler:      Armcc.exe V5.06 update 5 (build 528)
Assembler:       Armasm.exe V5.06 update 5 (build 528)
Linker/Locator:  ArmLink.exe V5.06 update 5 (build 528)
Library Manager: ArmAr.exe V5.06 update 5 (build 528)
Hex Converter:   FromElf.exe V5.06 update 5 (build 528)
CPU DLL:         SARMCM3.DLL V5.24.1
Dialog DLL:      DCM.DLL V1.16.0.0
Target DLL:      Segger\JL2CM3.dll V2.99.26.0
Dialog DLL:      TCM.DLL V1.32.0.0
 
<h2>Project:</h2>
C:\Users\Administrator\Desktop\20.standard_robot\MDK-ARM\standard_robot.uvprojx
Project File Date:  05/12/2024

<h2>Output:</h2>
*** Using Compiler 'V5.06 update 5 (build 528)', folder: 'D:\Keil_v5\ARM\ARMCC\Bin'
Build target 'standard_robot'
assembling startup_stm32f407xx.s...
compiling crc.c...
compiling gpio.c...
compiling can.c...
compiling dma.c...
compiling adc.c...
compiling freertos.c...
compiling main.c...
compiling rng.c...
compiling rtc.c...
compiling spi.c...
compiling i2c.c...
compiling tim.c...
compiling usart.c...
compiling usb_device.c...
compiling usbd_conf.c...
compiling stm32f4xx_hal_msp.c...
compiling stm32f4xx_hal_pcd_ex.c...
compiling usbd_cdc_if.c...
compiling usbd_desc.c...
compiling stm32f4xx_hal_pcd.c...
compiling stm32f4xx_it.c...
compiling stm32f4xx_hal_i2c_ex.c...
compiling stm32f4xx_hal_crc.c...
compiling stm32f4xx_hal_adc_ex.c...
compiling stm32f4xx_ll_usb.c...
compiling stm32f4xx_hal_adc.c...
compiling stm32f4xx_hal_can.c...
compiling stm32f4xx_hal_i2c.c...
compiling stm32f4xx_hal_rng.c...
compiling stm32f4xx_hal_rtc_ex.c...
compiling stm32f4xx_hal_tim_ex.c...
compiling stm32f4xx_hal_rtc.c...
compiling stm32f4xx_hal_spi.c...
compiling stm32f4xx_hal_uart.c...
compiling stm32f4xx_hal_tim.c...
compiling stm32f4xx_hal_flash_ramfunc.c...
compiling stm32f4xx_hal_rcc_ex.c...
compiling stm32f4xx_hal_gpio.c...
compiling stm32f4xx_hal_flash_ex.c...
compiling stm32f4xx_hal_flash.c...
compiling stm32f4xx_hal_dma_ex.c...
compiling stm32f4xx_hal_rcc.c...
compiling stm32f4xx_hal.c...
compiling stm32f4xx_hal_pwr.c...
compiling system_stm32f4xx.c...
compiling stm32f4xx_hal_cortex.c...
compiling stm32f4xx_hal_pwr_ex.c...
compiling stm32f4xx_hal_exti.c...
compiling stm32f4xx_hal_dma.c...
compiling croutine.c...
compiling list.c...
compiling event_groups.c...
compiling timers.c...
compiling stream_buffer.c...
compiling queue.c...
compiling tasks.c...
compiling heap_4.c...
compiling port.c...
compiling cmsis_os.c...
compiling bsp_adc.c...
compiling usbd_ioreq.c...
compiling bsp_buzzer.c...
compiling bsp_can.c...
compiling usbd_ctlreq.c...
compiling usbd_cdc.c...
compiling usbd_core.c...
compiling bsp_delay.c...
compiling bsp_crc32.c...
compiling bsp_fric.c...
compiling bsp_flash.c...
compiling bsp_laser.c...
compiling bsp_imu_pwm.c...
compiling bsp_i2c.c...
compiling calibrate_task.c...
compiling bsp_rc.c...
compiling bsp_led.c...
compiling bsp_rng.c...
compiling bsp_servo_pwm.c...
compiling bsp_usart.c...
compiling chassis_behaviour.c...
compiling detect_task.c...
compiling CAN_receive.c...
compiling gimbal_behaviour.c...
compiling bsp_spi.c...
compiling chassis_power_control.c...
compiling referee.c...
compiling chassis_task.c...
compiling oled_task.c...
compiling INS_task.c...
compiling referee_usart_task.c...
compiling gimbal_task.c...
compiling remote_control.c...
compiling test_task.c...
compiling shoot.c...
compiling led_flow_task.c...
compiling servo_task.c...
compiling voltage_task.c...
compiling usb_task.c...
compiling ist8310driver.c...
compiling user_lib.c...
compiling OLED.c...
compiling BMI088driver.c...
compiling BMI088Middleware.c...
compiling CRC8_CRC16.c...
compiling AHRS_middleware.c...
compiling fifo.c...
compiling ist8310driver_middleware.c...
compiling mem_mang4.c...
compiling pid.c...
linking...
Program Size: Code=100624 RO-data=13560 RW-data=1148 ZI-data=57796  
FromELF: creating hex file...
"standard_tpye_c\standard_tpye_c.axf" - 0 Error(s), 0 Warning(s).

<h2>Software Packages used:</h2>

Package Vendor: ARM
                http://www.keil.com/pack/ARM.CMSIS.5.0.1.pack
                ARM.CMSIS.5.0.1
                CMSIS (Cortex Microcontroller Software Interface Standard)
   * Component: CORE Version: 5.0.1

Package Vendor: Keil
                https://www.keil.com/pack/Keil.STM32F4xx_DFP.2.17.1.pack
                Keil.STM32F4xx_DFP.2.17.1
                STMicroelectronics STM32F4 Series Device Support, Drivers and Examples

<h2>Collection of Component include folders:</h2>
  .\RTE\_standard_robot
  D:\Keil_v5\ARM\PACK\ARM\CMSIS\5.0.1\CMSIS\Include
  D:\Keil_v5\ARM\PACK\Keil\STM32F4xx_DFP\2.17.1\Drivers\CMSIS\Device\ST\STM32F4xx\Include

<h2>Collection of Component Files used:</h2>

   * Component: ARM::CMSIS:CORE:5.0.1
Build Time Elapsed:  00:03:00
</pre>
</body>
</html>
